// Jest Snapshot v1, https://goo.gl/fbAQLP

exports[`Question.tsx QuestionListのスナップショット 1`] = `
<div>
  <div
    class="w-full mx-auto"
  >
    <table
      class="border-collapse border-2 border-deep-gray text-sm mx-auto w-full"
    >
      <thead
        class="bg-light-gray"
      >
        <tr>
          <th
            class="border-2 border-deep-gray px-4 py-2 text-center w-1/12"
          />
          <th
            class="border-2 border-deep-gray px-4 py-2 text-center w-2/12"
          >
            最終編集日
          </th>
          <th
            class="border-2 border-deep-gray px-4 py-2 text-center w-3/12"
          >
            案件名
          </th>
          <th
            class="border-2 border-deep-gray px-4 py-2 text-center"
          >
            質問内容
          </th>
        </tr>
      </thead>
      <tbody>
        <tr>
          <td
            class="border-2 border-deep-gray px-4 py-2 text-center"
          >
            <input
              checked=""
              class="w-4 h-4 accent-orange cursor-pointer"
              type="checkbox"
              value="開発経験について教えてください。"
            />
          </td>
          <td
            class="border-2 border-deep-gray px-4 py-2 text-center"
          >
            2023-09-07
          </td>
          <td
            class="border-2 border-deep-gray px-4 py-2 text-center"
          >
            バックエンド案件
          </td>
          <td
            class="border-2 border-deep-gray px-4 py-2 text-center"
          >
            開発経験について教えてください。
          </td>
        </tr>
        <tr>
          <td
            class="border-2 border-deep-gray px-4 py-2 text-center"
          >
            <input
              class="w-4 h-4 accent-orange cursor-pointer"
              type="checkbox"
              value="1番得意な言語は何ですか。"
            />
          </td>
          <td
            class="border-2 border-deep-gray px-4 py-2 text-center"
          >
            2023-09-07
          </td>
          <td
            class="border-2 border-deep-gray px-4 py-2 text-center"
          >
            バックエンド案件
          </td>
          <td
            class="border-2 border-deep-gray px-4 py-2 text-center"
          >
            1番得意な言語は何ですか。
          </td>
        </tr>
      </tbody>
    </table>
  </div>
</div>
`;
