// Jest Snapshot v1, https://goo.gl/fbAQLP

exports[`UserSelectModalForm.tsx スナップショットテスト モーダルを開いている状態 1`] = `
<body>
  <div />
  <div
    class="fixed top-0 left-0 z-30 flex items-center justify-center w-full h-full"
  >
    <div
      class="relative z-20 lg:w-3/4 md:w-4/5 w-11/12 p-5 max-w-3xl bg-white"
    >
      <div>
        <h2
          class="text-base ml-3"
        >
          ▶️ユーザーを選択する
        </h2>
      </div>
      <form
        class="flex flex-col justify-center items-center border-2 w-10/12 px-10 py-5 mt-3 mx-auto"
      >
        <div
          class="flex flex-col gap-5 w-fit mx-auto"
        >
          <div
            class="flex items-center"
          >
            <input
              class="border-light-gray border-2 text-xs p-1 w-10/12"
              data-testid="search-box"
              id="search"
              name="search"
              type="text"
              value=""
            />
            <button
              class="bg-white hover:bg-gray-100 active:bg-gray-200 active:translate-y-0.5 active:shadow-sm py-2 px-4 rounded-full border shadow-md text-xs ml-4 w-16"
            >
              検索
            </button>
          </div>
          <div
            class="flex items-center gap-1"
          >
            <select
              class="border-2 border-light-gray cursor-pointer text-xs p-1"
              data-testid="select-year"
              id="year"
              name="year"
            >
              <option
                data-testid="year:"
                value=""
              />
              <option
                data-testid="year:2000"
                value="2000"
              >
                2000
              </option>
              <option
                data-testid="year:2001"
                value="2001"
              >
                2001
              </option>
              <option
                data-testid="year:2002"
                value="2002"
              >
                2002
              </option>
              <option
                data-testid="year:2003"
                value="2003"
              >
                2003
              </option>
              <option
                data-testid="year:2004"
                value="2004"
              >
                2004
              </option>
              <option
                data-testid="year:2005"
                value="2005"
              >
                2005
              </option>
              <option
                data-testid="year:2006"
                value="2006"
              >
                2006
              </option>
              <option
                data-testid="year:2007"
                value="2007"
              >
                2007
              </option>
              <option
                data-testid="year:2008"
                value="2008"
              >
                2008
              </option>
              <option
                data-testid="year:2009"
                value="2009"
              >
                2009
              </option>
              <option
                data-testid="year:2010"
                value="2010"
              >
                2010
              </option>
              <option
                data-testid="year:2011"
                value="2011"
              >
                2011
              </option>
              <option
                data-testid="year:2012"
                value="2012"
              >
                2012
              </option>
              <option
                data-testid="year:2013"
                value="2013"
              >
                2013
              </option>
              <option
                data-testid="year:2014"
                value="2014"
              >
                2014
              </option>
              <option
                data-testid="year:2015"
                value="2015"
              >
                2015
              </option>
              <option
                data-testid="year:2016"
                value="2016"
              >
                2016
              </option>
              <option
                data-testid="year:2017"
                value="2017"
              >
                2017
              </option>
              <option
                data-testid="year:2018"
                value="2018"
              >
                2018
              </option>
              <option
                data-testid="year:2019"
                value="2019"
              >
                2019
              </option>
              <option
                data-testid="year:2020"
                value="2020"
              >
                2020
              </option>
              <option
                data-testid="year:2021"
                value="2021"
              >
                2021
              </option>
              <option
                data-testid="year:2022"
                value="2022"
              >
                2022
              </option>
              <option
                data-testid="year:2023"
                value="2023"
              >
                2023
              </option>
            </select>
            <span
              class="text-xs"
            >
              年
            </span>
            <select
              class="border-2 border-light-gray cursor-pointer text-xs p-1"
              data-testid="select-month"
              id="month"
              name="month"
            >
              <option
                data-testid="month:"
                value=""
              />
              <option
                data-testid="month:1"
                value="1"
              >
                1
              </option>
              <option
                data-testid="month:2"
                value="2"
              >
                2
              </option>
              <option
                data-testid="month:3"
                value="3"
              >
                3
              </option>
              <option
                data-testid="month:4"
                value="4"
              >
                4
              </option>
              <option
                data-testid="month:5"
                value="5"
              >
                5
              </option>
              <option
                data-testid="month:6"
                value="6"
              >
                6
              </option>
              <option
                data-testid="month:7"
                value="7"
              >
                7
              </option>
              <option
                data-testid="month:8"
                value="8"
              >
                8
              </option>
              <option
                data-testid="month:9"
                value="9"
              >
                9
              </option>
              <option
                data-testid="month:10"
                value="10"
              >
                10
              </option>
              <option
                data-testid="month:11"
                value="11"
              >
                11
              </option>
              <option
                data-testid="month:12"
                value="12"
              >
                12
              </option>
            </select>
            <span
              class="text-xs"
            >
              月入社
            </span>
          </div>
          <div
            class="flex gap-4 flex-wrap"
          >
            <div>
              <input
                class="peer hidden"
                data-testid="check-box:Java"
                id="dep_1"
                name="department"
                type="checkbox"
                value="Java"
              />
              <label
                class="text-xs inline-flex items-center justify-center py-2 bg-white hover:bg-gray-100 border rounded-full shadow-mdtext-xs px-1 w-16 cursor-pointer peer-checked:shadow-sm peer-checked:bg-gray-200 peer-checked:translate-y-0.5"
                for="dep_1"
              >
                Java
              </label>
            </div>
            <div>
              <input
                class="peer hidden"
                data-testid="check-box:PHP"
                id="dep_2"
                name="department"
                type="checkbox"
                value="PHP"
              />
              <label
                class="text-xs inline-flex items-center justify-center py-2 bg-white hover:bg-gray-100 border rounded-full shadow-mdtext-xs px-1 w-16 cursor-pointer peer-checked:shadow-sm peer-checked:bg-gray-200 peer-checked:translate-y-0.5"
                for="dep_2"
              >
                PHP
              </label>
            </div>
            <div>
              <input
                class="peer hidden"
                data-testid="check-box:FR"
                id="dep_3"
                name="department"
                type="checkbox"
                value="FR"
              />
              <label
                class="text-xs inline-flex items-center justify-center py-2 bg-white hover:bg-gray-100 border rounded-full shadow-mdtext-xs px-1 w-16 cursor-pointer peer-checked:shadow-sm peer-checked:bg-gray-200 peer-checked:translate-y-0.5"
                for="dep_3"
              >
                FR
              </label>
            </div>
            <div>
              <input
                class="peer hidden"
                data-testid="check-box:CL"
                id="dep_4"
                name="department"
                type="checkbox"
                value="CL"
              />
              <label
                class="text-xs inline-flex items-center justify-center py-2 bg-white hover:bg-gray-100 border rounded-full shadow-mdtext-xs px-1 w-16 cursor-pointer peer-checked:shadow-sm peer-checked:bg-gray-200 peer-checked:translate-y-0.5"
                for="dep_4"
              >
                CL
              </label>
            </div>
            <div>
              <input
                class="peer hidden"
                data-testid="check-box:ML"
                id="dep_5"
                name="department"
                type="checkbox"
                value="ML"
              />
              <label
                class="text-xs inline-flex items-center justify-center py-2 bg-white hover:bg-gray-100 border rounded-full shadow-mdtext-xs px-1 w-16 cursor-pointer peer-checked:shadow-sm peer-checked:bg-gray-200 peer-checked:translate-y-0.5"
                for="dep_5"
              >
                ML
              </label>
            </div>
            <div>
              <input
                class="peer hidden"
                data-testid="check-box:QA"
                id="dep_6"
                name="department"
                type="checkbox"
                value="QA"
              />
              <label
                class="text-xs inline-flex items-center justify-center py-2 bg-white hover:bg-gray-100 border rounded-full shadow-mdtext-xs px-1 w-16 cursor-pointer peer-checked:shadow-sm peer-checked:bg-gray-200 peer-checked:translate-y-0.5"
                for="dep_6"
              >
                QA
              </label>
            </div>
          </div>
          <div
            class="flex gap-4"
          >
            <div>
              <input
                class="peer hidden"
                data-testid="check-box:研修中"
                id="status_1"
                name="state"
                type="checkbox"
                value="研修中"
              />
              <label
                class="text-xs inline-flex items-center justify-center py-2 bg-white hover:bg-gray-100 border rounded-full shadow-mdtext-xs w-16 px-1 whitespace-nowrap cursor-pointer peer-checked:shadow-sm peer-checked:bg-gray-200 peer-checked:translate-y-0.5"
                for="status_1"
              >
                研修中
              </label>
            </div>
            <div>
              <input
                class="peer hidden"
                data-testid="check-box:待機中"
                id="status_2"
                name="state"
                type="checkbox"
                value="待機中"
              />
              <label
                class="text-xs inline-flex items-center justify-center py-2 bg-white hover:bg-gray-100 border rounded-full shadow-mdtext-xs w-16 px-1 whitespace-nowrap cursor-pointer peer-checked:shadow-sm peer-checked:bg-gray-200 peer-checked:translate-y-0.5"
                for="status_2"
              >
                待機中
              </label>
            </div>
            <div>
              <input
                class="peer hidden"
                data-testid="check-box:アサイン中"
                id="status_3"
                name="state"
                type="checkbox"
                value="アサイン中"
              />
              <label
                class="text-xs inline-flex items-center justify-center py-2 bg-white hover:bg-gray-100 border rounded-full shadow-mdtext-xs px-1 w-24 cursor-pointer peer-checked:shadow-sm peer-checked:bg-gray-200 peer-checked:translate-y-0.5"
                for="status_3"
              >
                アサイン中
              </label>
            </div>
          </div>
          <div
            class="flex flex-col gap-2"
          >
            <div>
              <h2>
                ▶️グループから検索する
              </h2>
            </div>
            <div>
              <select
                class="border-2 border-light-gray cursor-pointer w-10/12 text-xs p-1"
                data-testid="select-group"
                id="group"
                name="group"
              >
                <option
                  data-testid="group:"
                  value=""
                />
                <option
                  data-testid="group:グループ1"
                  value="グループ1"
                >
                  グループ1
                </option>
                <option
                  data-testid="group:グループ2"
                  value="グループ2"
                >
                  グループ2
                </option>
              </select>
            </div>
          </div>
        </div>
        <div
          class="mx-auto mt-7"
        >
          <div>
            <button
              class="bg-orange drop-shadow-md hover:saturate-150 active:drop-shadow-none active:shadow-inner hover:bg-depp-orange active:bg-depp-orange active:translate-y-0.5 text-white rounded-xl p-2 w-40 h-auto text-xs"
              type="submit"
            >
              絞り込み
            </button>
          </div>
        </div>
      </form>
      <div
        class="my-10"
      >
        <table
          class="w-10/12 border-collapse border-2 border-deep-gray text-sm mx-auto"
        >
          <thead
            class="bg-light-gray"
          >
            <tr>
              <th
                class="border-2 border-deep-gray px-4 py-2 text-center w-1/12"
              />
              <th
                class="border-2 border-deep-gray px-4 py-2 text-center w-3/12"
              >
                入社日
              </th>
              <th
                class="border-2 border-deep-gray px-4 py-2 text-center w-20"
              >
                職種
              </th>
              <th
                class="border-2 border-deep-gray px-4 py-2 text-center w-28"
              >
                状態
              </th>
              <th
                class="border-2 border-deep-gray px-4 py-2 text-center w-fit"
              >
                氏名
              </th>
            </tr>
          </thead>
          <tbody>
            <tr>
              <td
                class="border-2 border-deep-gray px-4 py-2 text-center"
              >
                <input
                  class="w-4 h-4 accent-orange cursor-pointer"
                  type="checkbox"
                  value="テスト珠子"
                />
              </td>
              <td
                class="border-2 border-deep-gray px-4 py-2 text-center"
              >
                2023-04-01
              </td>
              <td
                class="border-2 border-deep-gray px-4 py-2 text-center"
              >
                FR
              </td>
              <td
                class="border-2 border-deep-gray px-4 py-2 text-center"
              >
                アサイン中
              </td>
              <td
                class="border-2 border-deep-gray px-4 py-2 text-center"
              >
                テスト珠子
              </td>
            </tr>
            <tr>
              <td
                class="border-2 border-deep-gray px-4 py-2 text-center"
              >
                <input
                  class="w-4 h-4 accent-orange cursor-pointer"
                  type="checkbox"
                  value="テスト洋子"
                />
              </td>
              <td
                class="border-2 border-deep-gray px-4 py-2 text-center"
              >
                2023-04-01
              </td>
              <td
                class="border-2 border-deep-gray px-4 py-2 text-center"
              >
                CL
              </td>
              <td
                class="border-2 border-deep-gray px-4 py-2 text-center"
              >
                研修中
              </td>
              <td
                class="border-2 border-deep-gray px-4 py-2 text-center"
              >
                テスト洋子
              </td>
            </tr>
            <tr>
              <td
                class="border-2 border-deep-gray px-4 py-2 text-center"
              >
                <input
                  class="w-4 h-4 accent-orange cursor-pointer"
                  type="checkbox"
                  value="テスト太郎"
                />
              </td>
              <td
                class="border-2 border-deep-gray px-4 py-2 text-center"
              >
                2023-01-01
              </td>
              <td
                class="border-2 border-deep-gray px-4 py-2 text-center"
              >
                Java
              </td>
              <td
                class="border-2 border-deep-gray px-4 py-2 text-center"
              >
                待機中
              </td>
              <td
                class="border-2 border-deep-gray px-4 py-2 text-center"
              >
                テスト太郎
              </td>
            </tr>
            <tr>
              <td
                class="border-2 border-deep-gray px-4 py-2 text-center"
              >
                <input
                  class="w-4 h-4 accent-orange cursor-pointer"
                  type="checkbox"
                  value="テスト次郎"
                />
              </td>
              <td
                class="border-2 border-deep-gray px-4 py-2 text-center"
              >
                2023-01-01
              </td>
              <td
                class="border-2 border-deep-gray px-4 py-2 text-center"
              >
                PHP
              </td>
              <td
                class="border-2 border-deep-gray px-4 py-2 text-center"
              >
                研修中
              </td>
              <td
                class="border-2 border-deep-gray px-4 py-2 text-center"
              >
                テスト次郎
              </td>
            </tr>
          </tbody>
        </table>
      </div>
      <div
        class="mx-auto mt-8 w-fit"
      >
        <div>
          <button
            class="bg-orange drop-shadow-md hover:saturate-150 active:drop-shadow-none active:shadow-inner hover:bg-depp-orange active:bg-depp-orange active:translate-y-0.5 text-white rounded-xl p-2 w-40 h-auto text-xs"
            data-testid="search-button"
          >
            選択完了
          </button>
        </div>
      </div>
    </div>
    <div
      class="absolute top-0 left-0 w-full h-full bg-black opacity-30"
    />
  </div>
  <div>
    <button
      class="bg-white hover:bg-gray-100 active:bg-gray-200 active:translate-y-0.5 active:shadow-sm py-2 px-4 rounded-full border shadow-md text-xs"
    >
      追加
    </button>
  </div>
</body>
`;
