// Jest Snapshot v1, https://goo.gl/fbAQLP

exports[`ユーザー管理画面のテスト スナップショット 1`] = `
<div>
  <div
    class="flex justify-center"
  >
    <div
      class="border border-deep-gray w-max my-10"
    >
      <div
        class="flex items-center my-5"
      >
        <div>
          <input
            class="border w-[530px] mx-5 border-deep-gray"
            data-testid="input"
            id="1"
            value=""
          />
        </div>
        <button
          class="bg-white hover:bg-gray-100 active:bg-gray-200 active:translate-y-0.5 active:shadow-sm px-4 rounded-full border shadow-md w-20 py-0.5"
          data-testid="searchButton"
        >
          検索
        </button>
      </div>
      <div
        class=" w-4/5 mx-5"
      >
        <select
          class="border"
          data-testid="year"
          id="year"
          name="year"
        >
          <option
            selected=""
            value="--"
          >
            --
          </option>
          <option
            value="2010"
          >
            2010
          </option>
          <option
            value="2011"
          >
            2011
          </option>
          <option
            value="2012"
          >
            2012
          </option>
          <option
            value="2013"
          >
            2013
          </option>
          <option
            value="2014"
          >
            2014
          </option>
          <option
            value="2015"
          >
            2015
          </option>
          <option
            value="2016"
          >
            2016
          </option>
          <option
            value="2017"
          >
            2017
          </option>
          <option
            value="2018"
          >
            2018
          </option>
          <option
            value="2019"
          >
            2019
          </option>
          <option
            value="2020"
          >
            2020
          </option>
          <option
            value="2021"
          >
            2021
          </option>
          <option
            value="2022"
          >
            2022
          </option>
          <option
            value="2023"
          >
            2023
          </option>
        </select>
        <label
          for="year"
        >
           年 
        </label>
        <select
          class="border"
          data-testid="month"
          id="month"
          name="month"
        >
          <option
            selected=""
            value="--"
          >
            --
          </option>
          <option
            value="1"
          >
            01
          </option>
          <option
            value="2"
          >
            02
          </option>
          <option
            value="3"
          >
            03
          </option>
          <option
            value="4"
          >
            04
          </option>
          <option
            value="5"
          >
            05
          </option>
          <option
            value="6"
          >
            06
          </option>
          <option
            value="7"
          >
            07
          </option>
          <option
            value="8"
          >
            08
          </option>
          <option
            value="9"
          >
            09
          </option>
          <option
            value="10"
          >
            10
          </option>
          <option
            value="11"
          >
            11
          </option>
          <option
            value="12"
          >
            12
          </option>
        </select>
        <label
          for="month"
        >
           月入社
        </label>
      </div>
      <div
        class=" flex my-5"
      >
        <div>
          <button
            class="active:bg-gray-200 active:translate-y-0.5 active:shadow-sm px-4 w-20 mx-5 py-0.5 bg-white hover:bg-gray-100 rounded-full border shadow-md"
            data-testid="department_1"
            value="Java"
          >
            Java
          </button>
        </div>
        <div>
          <button
            class="active:bg-gray-200 active:translate-y-0.5 active:shadow-sm px-4 w-20 mx-5 py-0.5 bg-white hover:bg-gray-100 rounded-full border shadow-md"
            data-testid="department_2"
            value="PHP"
          >
            PHP
          </button>
        </div>
        <div>
          <button
            class="active:bg-gray-200 active:translate-y-0.5 active:shadow-sm px-4 w-20 mx-5 py-0.5 bg-white hover:bg-gray-100 rounded-full border shadow-md"
            data-testid="department_3"
            value="FR"
          >
            FR
          </button>
        </div>
        <div>
          <button
            class="active:bg-gray-200 active:translate-y-0.5 active:shadow-sm px-4 w-20 mx-5 py-0.5 bg-white hover:bg-gray-100 rounded-full border shadow-md"
            data-testid="department_4"
            value="CL"
          >
            CL
          </button>
        </div>
        <div>
          <button
            class="active:bg-gray-200 active:translate-y-0.5 active:shadow-sm px-4 w-20 mx-5 py-0.5 bg-white hover:bg-gray-100 rounded-full border shadow-md"
            data-testid="department_5"
            value="ML"
          >
            ML
          </button>
        </div>
        <div>
          <button
            class="active:bg-gray-200 active:translate-y-0.5 active:shadow-sm px-4 w-20 mx-5 py-0.5 bg-white hover:bg-gray-100 rounded-full border shadow-md"
            data-testid="department_6"
            value="QA"
          >
            QA
          </button>
        </div>
      </div>
      <div
        class=" flex my-5"
      >
        <div>
          <button
            class="active:bg-gray-200 active:translate-y-0.5 active:shadow-sm px-4 w-32 mx-5 py-0.5 bg-white hover:bg-gray-100 rounded-full border shadow-md"
            data-testid="status_1"
            value="研修中"
          >
            研修中
          </button>
        </div>
        <div>
          <button
            class="active:bg-gray-200 active:translate-y-0.5 active:shadow-sm px-4 w-32 mx-5 py-0.5 bg-white hover:bg-gray-100 rounded-full border shadow-md"
            data-testid="status_2"
            value="待機中"
          >
            待機中
          </button>
        </div>
        <div>
          <button
            class="active:bg-gray-200 active:translate-y-0.5 active:shadow-sm px-4 w-32 mx-5 py-0.5 bg-white hover:bg-gray-100 rounded-full border shadow-md"
            data-testid="status_3"
            value="アサイン中"
          >
            アサイン中
          </button>
        </div>
      </div>
      <div
        class=" text-center mt-10 mb-5"
      >
        <div>
          <button
            class="bg-orange drop-shadow-md hover:saturate-150 active:drop-shadow-none active:shadow-inner hover:bg-depp-orange active:bg-depp-orange active:translate-y-0.5 text-white rounded-xl p-2 h-auto w-28 text-sm"
          >
            絞り込み
          </button>
        </div>
      </div>
    </div>
  </div>
  <p />
  <div
    class="flex justify-center mb-10"
  >
    <div
      class="flex flex-col justify-center w-max"
    >
      <div
        class="flex justify-end"
      >
        <div>
          <label
            for="sortOption"
          >
            ソート：
          </label>
          <select
            class=" border border-deep-gary"
            data-testid="selectedOption"
            id="sortOption"
            name="sortOption"
          >
            <option
              selected=""
              value="入社日昇順"
            >
              入社日昇順
            </option>
            <option
              value="入社日降順"
            >
              入社日降順
            </option>
          </select>
        </div>
      </div>
      <table
        class=" w-[720px] my-1"
      >
        <thead>
          <tr
            class="border bg-light-gray"
          >
            <th
              class=" border py-3"
            >
              入社日
            </th>
            <th
              class=" border"
            >
              所属
            </th>
            <th
              class=" border"
            >
              状態
            </th>
            <th
              class=" border"
            >
              氏名
            </th>
          </tr>
        </thead>
        <tbody>
          <tr
            class="border text-center"
          >
            <td
              class=" border py-3"
              data-testid="entry_date"
            >
              2023-06-23
            </td>
            <td
              class=" border"
            >
              Java
            </td>
            <td
              class=" border"
            >
              待機中
            </td>
            <td
              class=" border"
            >
              田中太郎
            </td>
          </tr>
          <tr
            class="border text-center"
          >
            <td
              class=" border py-3"
              data-testid="entry_date"
            >
              2023-06-24
            </td>
            <td
              class=" border"
            >
              Java
            </td>
            <td
              class=" border"
            >
              待機中
            </td>
            <td
              class=" border"
            >
              山田花子
            </td>
          </tr>
          <tr
            class="border text-center"
          >
            <td
              class=" border py-3"
              data-testid="entry_date"
            >
              2023-06-25
            </td>
            <td
              class=" border"
            >
              Java
            </td>
            <td
              class=" border"
            >
              待機中
            </td>
            <td
              class=" border"
            >
              高橋和夫
            </td>
          </tr>
          <tr
            class="border text-center"
          >
            <td
              class=" border py-3"
              data-testid="entry_date"
            >
              2023-06-26
            </td>
            <td
              class=" border"
            >
              PHP
            </td>
            <td
              class=" border"
            >
              待機中
            </td>
            <td
              class=" border"
            >
              佐藤ゆき
            </td>
          </tr>
          <tr
            class="border text-center"
          >
            <td
              class=" border py-3"
              data-testid="entry_date"
            >
              2023-06-27
            </td>
            <td
              class=" border"
            >
              FR
            </td>
            <td
              class=" border"
            >
              待機中
            </td>
            <td
              class=" border"
            >
              鈴木康子
            </td>
          </tr>
          <tr
            class="border text-center"
          >
            <td
              class=" border py-3"
              data-testid="entry_date"
            >
              2023-06-28
            </td>
            <td
              class=" border"
            >
              CL
            </td>
            <td
              class=" border"
            >
              待機中
            </td>
            <td
              class=" border"
            >
              山本亮
            </td>
          </tr>
          <tr
            class="border text-center"
          >
            <td
              class=" border py-3"
              data-testid="entry_date"
            >
              2023-06-29
            </td>
            <td
              class=" border"
            >
              ML
            </td>
            <td
              class=" border"
            >
              待機中
            </td>
            <td
              class=" border"
            >
              相田三雄
            </td>
          </tr>
          <tr
            class="border text-center"
          >
            <td
              class=" border py-3"
              data-testid="entry_date"
            >
              2023-06-30
            </td>
            <td
              class=" border"
            >
              QA
            </td>
            <td
              class=" border"
            >
              待機中
            </td>
            <td
              class=" border"
            >
              中村隼人
            </td>
          </tr>
        </tbody>
      </table>
    </div>
  </div>
</div>
`;
