// Jest Snapshot v1, https://goo.gl/fbAQLP

exports[`TaskRegisterIndex.tsx レンダリング時 1`] = `
<div>
  <main>
    <div
      class="border-2 border-light-gray w-3/5 mx-auto my-10 p-8"
    >
      <div>
        <div
          class="mb-5"
        >
          <div
            class="flex items-center mb-2"
          >
            <p
              class="text-base w-40"
            >
              ▶ユーザーを選択する
            </p>
            <div
              class="text-xs ml-10"
            >
              <button
                class="bg-white hover:bg-gray-100 active:bg-gray-200 active:translate-y-0.5 active:shadow-sm py-2 px-4 rounded-full border shadow-md text-xs"
              >
                追加
              </button>
            </div>
          </div>
          <div>
            <div>
              <input
                class="border-2 border-light-gray text-xs p-1 w-full"
                id="search"
                readonly=""
                value=""
              />
            </div>
          </div>
        </div>
        <div
          class="mb-5"
        >
          <div
            class="flex items-center mb-2"
          >
            <p
              class="text-base w-40"
            >
              ▶質問を選択する
            </p>
            <div
              class="text-xs ml-10"
            >
              <button
                class="bg-white hover:bg-gray-100 active:bg-gray-200 active:translate-y-0.5 active:shadow-sm py-2 px-4 rounded-full border shadow-md text-xs"
              >
                追加
              </button>
            </div>
          </div>
          <div>
            <div>
              <input
                class="border-2 border-light-gray text-xs p-1 w-full"
                id="search"
                readonly=""
                value=""
              />
            </div>
          </div>
        </div>
        <div>
          <div
            class="flex items-center"
          >
            <div>
              <p
                class="text-base w-40"
              >
                ▶締切日時を設定する
              </p>
            </div>
            <div
              class="flex items-center ml-10"
            >
              <div
                class="flex items-center"
              >
                <select
                  class="border-2 border-light-gray cursor-pointer w-20 h-6 text-sm"
                  data-testid="year"
                  id="year"
                  name="year"
                >
                  <option
                    data-testid="year:2023"
                    value="2023"
                  >
                    2023
                  </option>
                  <option
                    data-testid="year:2024"
                    value="2024"
                  >
                    2024
                  </option>
                </select>
                <p
                  class="text-ms ml-0.5"
                >
                  年
                </p>
              </div>
              <div
                class="flex items-center ml-4"
              >
                <select
                  class="border-2 border-light-gray cursor-pointer w-20 h-6 text-sm"
                  data-testid="month"
                  id="month"
                  name="month"
                >
                  <option
                    data-testid="month:1"
                    value="1"
                  >
                    1
                  </option>
                  <option
                    data-testid="month:2"
                    value="2"
                  >
                    2
                  </option>
                  <option
                    data-testid="month:3"
                    value="3"
                  >
                    3
                  </option>
                  <option
                    data-testid="month:4"
                    value="4"
                  >
                    4
                  </option>
                  <option
                    data-testid="month:5"
                    value="5"
                  >
                    5
                  </option>
                  <option
                    data-testid="month:6"
                    value="6"
                  >
                    6
                  </option>
                  <option
                    data-testid="month:7"
                    value="7"
                  >
                    7
                  </option>
                  <option
                    data-testid="month:8"
                    value="8"
                  >
                    8
                  </option>
                  <option
                    data-testid="month:9"
                    value="9"
                  >
                    9
                  </option>
                  <option
                    data-testid="month:10"
                    value="10"
                  >
                    10
                  </option>
                  <option
                    data-testid="month:11"
                    value="11"
                  >
                    11
                  </option>
                  <option
                    data-testid="month:12"
                    value="12"
                  >
                    12
                  </option>
                </select>
                <p
                  class="text-ms ml-0.5"
                >
                  月
                </p>
              </div>
              <div
                class="flex items-center ml-4"
              >
                <select
                  class="border-2 border-light-gray cursor-pointer w-20 h-6 text-sm"
                  data-testid="day"
                  id="day"
                  name="day"
                >
                  <option
                    data-testid="day:1"
                    value="1"
                  >
                    1
                  </option>
                  <option
                    data-testid="day:2"
                    value="2"
                  >
                    2
                  </option>
                  <option
                    data-testid="day:3"
                    value="3"
                  >
                    3
                  </option>
                  <option
                    data-testid="day:4"
                    value="4"
                  >
                    4
                  </option>
                  <option
                    data-testid="day:5"
                    value="5"
                  >
                    5
                  </option>
                  <option
                    data-testid="day:6"
                    value="6"
                  >
                    6
                  </option>
                  <option
                    data-testid="day:7"
                    value="7"
                  >
                    7
                  </option>
                  <option
                    data-testid="day:8"
                    value="8"
                  >
                    8
                  </option>
                  <option
                    data-testid="day:9"
                    value="9"
                  >
                    9
                  </option>
                  <option
                    data-testid="day:10"
                    value="10"
                  >
                    10
                  </option>
                  <option
                    data-testid="day:11"
                    value="11"
                  >
                    11
                  </option>
                  <option
                    data-testid="day:12"
                    value="12"
                  >
                    12
                  </option>
                  <option
                    data-testid="day:13"
                    value="13"
                  >
                    13
                  </option>
                  <option
                    data-testid="day:14"
                    value="14"
                  >
                    14
                  </option>
                  <option
                    data-testid="day:15"
                    value="15"
                  >
                    15
                  </option>
                  <option
                    data-testid="day:16"
                    value="16"
                  >
                    16
                  </option>
                  <option
                    data-testid="day:17"
                    value="17"
                  >
                    17
                  </option>
                  <option
                    data-testid="day:18"
                    value="18"
                  >
                    18
                  </option>
                  <option
                    data-testid="day:19"
                    value="19"
                  >
                    19
                  </option>
                  <option
                    data-testid="day:20"
                    value="20"
                  >
                    20
                  </option>
                  <option
                    data-testid="day:21"
                    value="21"
                  >
                    21
                  </option>
                  <option
                    data-testid="day:22"
                    value="22"
                  >
                    22
                  </option>
                  <option
                    data-testid="day:23"
                    value="23"
                  >
                    23
                  </option>
                  <option
                    data-testid="day:24"
                    value="24"
                  >
                    24
                  </option>
                  <option
                    data-testid="day:25"
                    value="25"
                  >
                    25
                  </option>
                  <option
                    data-testid="day:26"
                    value="26"
                  >
                    26
                  </option>
                  <option
                    data-testid="day:27"
                    value="27"
                  >
                    27
                  </option>
                  <option
                    data-testid="day:28"
                    value="28"
                  >
                    28
                  </option>
                  <option
                    data-testid="day:29"
                    value="29"
                  >
                    29
                  </option>
                  <option
                    data-testid="day:30"
                    value="30"
                  >
                    30
                  </option>
                </select>
                <p
                  class="text-ms ml-0.5"
                >
                  日
                </p>
              </div>
              <div
                class="flex items-center ml-4"
              >
                <select
                  class="border-2 border-light-gray cursor-pointer w-20 h-6 text-sm"
                  data-testid="time"
                  id="time"
                  name="time"
                >
                  <option
                    data-testid="time:0"
                    value="0"
                  >
                    0
                  </option>
                  <option
                    data-testid="time:1"
                    value="1"
                  >
                    1
                  </option>
                  <option
                    data-testid="time:2"
                    value="2"
                  >
                    2
                  </option>
                  <option
                    data-testid="time:3"
                    value="3"
                  >
                    3
                  </option>
                  <option
                    data-testid="time:4"
                    value="4"
                  >
                    4
                  </option>
                  <option
                    data-testid="time:5"
                    value="5"
                  >
                    5
                  </option>
                  <option
                    data-testid="time:6"
                    value="6"
                  >
                    6
                  </option>
                  <option
                    data-testid="time:7"
                    value="7"
                  >
                    7
                  </option>
                  <option
                    data-testid="time:8"
                    value="8"
                  >
                    8
                  </option>
                  <option
                    data-testid="time:9"
                    value="9"
                  >
                    9
                  </option>
                  <option
                    data-testid="time:10"
                    value="10"
                  >
                    10
                  </option>
                  <option
                    data-testid="time:11"
                    value="11"
                  >
                    11
                  </option>
                  <option
                    data-testid="time:12"
                    value="12"
                  >
                    12
                  </option>
                  <option
                    data-testid="time:13"
                    value="13"
                  >
                    13
                  </option>
                  <option
                    data-testid="time:14"
                    value="14"
                  >
                    14
                  </option>
                  <option
                    data-testid="time:15"
                    value="15"
                  >
                    15
                  </option>
                  <option
                    data-testid="time:16"
                    value="16"
                  >
                    16
                  </option>
                  <option
                    data-testid="time:17"
                    value="17"
                  >
                    17
                  </option>
                  <option
                    data-testid="time:18"
                    value="18"
                  >
                    18
                  </option>
                  <option
                    data-testid="time:19"
                    value="19"
                  >
                    19
                  </option>
                  <option
                    data-testid="time:20"
                    value="20"
                  >
                    20
                  </option>
                  <option
                    data-testid="time:21"
                    value="21"
                  >
                    21
                  </option>
                  <option
                    data-testid="time:22"
                    value="22"
                  >
                    22
                  </option>
                  <option
                    data-testid="time:23"
                    value="23"
                  >
                    23
                  </option>
                </select>
                <p
                  class="text-ms ml-0.5"
                >
                  時
                </p>
              </div>
            </div>
          </div>
        </div>
        <div
          class="flex justify-center mt-10"
        >
          <div>
            <button
              class="bg-orange drop-shadow-md hover:saturate-150 active:drop-shadow-none active:shadow-inner hover:bg-depp-orange active:bg-depp-orange active:translate-y-0.5 text-white rounded-xl p-2 w-40 h-auto text-base"
            >
              新規タスクを作成
            </button>
          </div>
        </div>
      </div>
    </div>
  </main>
</div>
`;
